// Jest Snapshot v1, https://goo.gl/fbAQLP

exports[`<Main/> should render the heading 1`] = `
.c0 {
  display: -webkit-box;
  display: -webkit-flex;
  display: -ms-flexbox;
  display: flex;
  -webkit-flex-direction: column;
  -ms-flex-direction: column;
  flex-direction: column;
  background-color: #191a20;
  color: #fff;
  width: 100%;
  height: 100%;
  text-align: center;
  -webkit-align-items: center;
  -webkit-box-align: center;
  -ms-flex-align: center;
  align-items: center;
  -webkit-box-pack: center;
  -webkit-justify-content: center;
  -ms-flex-pack: center;
  justify-content: center;
  padding: 3rem;
}

.c1 {
  font-size: 6rem;
  margin-bottom: 2rem;
  color: #6c63ff;
}

.c2 {
  font-size: 2rem;
  font-weight: 400;
}

.c3 {
  margin: 3rem;
  width: min(30rem,100%);
}

<main
  class="c0"
>
  <h1
    class="c1"
  >
    Boilerplate React
  </h1>
  <h2
    class="c2"
  >
    Typescript, ReactJS, NextJS e Styled Components
  </h2>
  <img
    alt="Desenvolvedor em de frente para uma tela com cÃ³digo"
    class="c3"
    src="/img/code.svg"
  />
</main>
`;
